Checking dependencies ...
================================================================
BioLang Benchmark Suite
================================================================
  Date:     2026-08-03 20:34:31
  OS:       Microsoft Windows 10.0.26200 
  Arch:     X64
  CPU:      12th Gen Intel(R) Core(TM) i9-12900K
  Cores:    16 cores / 24 threads
  RAM:      31.7 GB
  BioLang:  1.0.0
  Python:   3.13.14
  R:        4.6.1
  Rust:     1.92.0 (ded5c06cf 2025-12-08)
  Runs:     3 (best of)
================================================================

Input data:
  annotations.gff3: 1.6 MB
  conditions.csv: 0 MB
  gene_annotations.csv: 0 MB
  gene_counts.csv: 0 MB
  metadata.csv: 0.1 MB
  queries.bed: 0 MB
  reads.fq: 25.8 MB
  regions.bed: 0.4 MB
  samples.csv: 0.1 MB
  sequences.fa: 27.1 MB
  variants.vcf: 2.3 MB

================================================================
  Sequence I/O (language/sequence_io)
================================================================

  FASTA Statistics
    BioLang:  1.019s  (9 LOC)
    Python:   1.028s  (22 LOC)
    R:        2.037s  (16 LOC)

  FASTQ QC
    BioLang:  1.019s  (13 LOC)
    Python:   3.038s  (14 LOC)
    R:        6.078s  (13 LOC)

  E.coli Genome Stats -- SKIPPED (no data_real/)
  Human Chr22 Stats -- SKIPPED (no data_real/)
  GC Content (51 MB) -- SKIPPED (no data_real/)
  Reverse Complement
    BioLang:  1.029s  (5 LOC)
    Python:   1.031s  (6 LOC)
    R:        2.031s  (7 LOC)

  Report: results/lang_sequence_io_windows_20260803_203433.md
================================================================
  K-mer Analysis (language/kmer)
================================================================

  K-mer Counting
    BioLang:  8.088s  (7 LOC)
    Python:   19.219s  (15 LOC)
    [FAILED] exit=1
    SKIP: R cannot efficiently count 21-mers without external tools
    [FAILED] exit=1
    SKIP: R cannot efficiently count 21-mers without external tools
    [FAILED] exit=1
    SKIP: R cannot efficiently count 21-mers without external tools
    R:        FAILED

  Chr22 21-mer Count -- SKIPPED (no data_real/)
  Report: results/lang_kmer_windows_20260803_203433.md
================================================================
  Variant Analysis (language/variants)
================================================================

  VCF Filtering
    BioLang:  1.015s  (11 LOC)
    Python:   1.024s  (28 LOC)
    R:        6.073s  (19 LOC)

  ClinVar Variants -- SKIPPED (no data_real/)
  Report: results/lang_variants_windows_20260803_203433.md
================================================================
  Data Wrangling (language/wrangling)
================================================================

  CSV Join + Group-by
    BioLang:  1.013s  (20 LOC)
    Python:   1.019s  (35 LOC)
    R:        1.015s  (31 LOC)

  Report: results/lang_wrangling_windows_20260803_203433.md
================================================================
  Protein Analysis (language/protein)
================================================================

  Protein K-mers -- SKIPPED (no data_real/)
  Report: results/lang_protein_windows_20260803_203433.md
================================================================
  File I/O (language/file_io)
================================================================

  FASTA Small (30 KB) -- SKIPPED (no data_real/)
  FASTA Medium (4.6 MB) -- SKIPPED (no data_real/)
  FASTA Large (51 MB) -- SKIPPED (no data_real/)
  FASTQ (26 MB)
    BioLang:  1.02s  (3 LOC)
    Python:   1.027s  (5 LOC)
    R:        5.063s  (5 LOC)

  VCF (2.3 MB)
    BioLang:  1.017s  (2 LOC)
    Python:   1.033s  (6 LOC)
    R:        1.026s  (3 LOC)

  CSV (0.1 MB)
    BioLang:  1.027s  (3 LOC)
    Python:   1.03s  (6 LOC)
    R:        1.025s  (3 LOC)

  FASTA gzipped (1.3 MB) -- SKIPPED (no data_real/)
  FASTA Large gzipped (10 MB) -- SKIPPED (no data_real/)
  Write Filtered FASTA
    BioLang:  1.017s  (6 LOC)
    Python:   1.015s  (7 LOC)
    R:        2.017s  (7 LOC)

  GFF3 (1.7 MB)
    BioLang:  1.016s  (6 LOC)
    Python:   1.018s  (17 LOC)
    R:        1.014s  (7 LOC)

  GFF3 Ensembl chr22 -- SKIPPED (no data_real/)
  Report: results/lang_file_io_windows_20260803_203433.md
================================================================
  Interval Operations (language/intervals)
================================================================

  BED Interval Overlap
    BioLang:  1.015s  (7 LOC)
    Python:   1.013s  (27 LOC)
    R:        2.03s  (11 LOC)

  ENCODE Peak Overlap -- SKIPPED (no data_real/)
  Report: results/lang_intervals_windows_20260803_203433.md
================================================================
  QC Pipeline (pipelines/qc_pipeline)
================================================================

  FASTQ QC Pipeline
    BioLang:  2.023s  (11 LOC)
    Python:   5.051s  (14 LOC)

  Report: results/pipe_qc_pipeline_windows_20260803_203433.md
================================================================
  Variant Pipeline (pipelines/variant_pipeline)
================================================================

  Variant Analysis Pipeline
    BioLang:  1.02s  (8 LOC)
    Python:   1.03s  (29 LOC)

  ClinVar Variant Pipeline -- SKIPPED (no data_real/)
  Report: results/pipe_variant_pipeline_windows_20260803_203433.md
================================================================
  Multi-Sample Pipeline (pipelines/multi_sample)
================================================================

  Multi-Sample Aggregation
    BioLang:  1.022s  (22 LOC)
    Python:   1.029s  (42 LOC)

  Report: results/pipe_multi_sample_windows_20260803_203433.md
================================================================
  RNA-seq Mini Pipeline (pipelines/rnaseq_mini)
================================================================

  RNA-seq DE Analysis
    BioLang:  1.019s  (25 LOC)
    Python:   1.031s  (36 LOC)

  Report: results/pipe_rnaseq_mini_windows_20260803_203433.md
================================================================
  Annotation Pipeline (pipelines/annotation)
================================================================

  Variant Annotation
    BioLang:  1.01s  (12 LOC)
    Python:   1.025s  (29 LOC)

  ClinVar + Ensembl Annotation -- SKIPPED (no data_real/)
  Report: results/pipe_annotation_windows_20260803_203433.md

================================================================
Summary:  results/summary_windows_20260803_203433.md
Scores:   results/scores_windows_20260803_203433.yaml
================================================================
